Use Adapter : NVIDIA GeForce RTX 4060 Laptop GPU

FeatureLevel : 12.2

Complete create D3D12Device!!!

Begin CompileShader, path:engine/resources/shaders/Sprite.VS.hlsl, profile:vs_6_0

Compile Succeeded, path:engine/resources/shaders/Sprite.VS.hlsl,profile:vs_6_0

Begin CompileShader, path:engine/resources/shaders/Sprite.PS.hlsl, profile:ps_6_0

Compile Succeeded, path:engine/resources/shaders/Sprite.PS.hlsl,profile:ps_6_0

Begin CompileShader, path:engine/resources/shaders/Object3d.VS.hlsl, profile:vs_6_0

Compile Succeeded, path:engine/resources/shaders/Object3d.VS.hlsl,profile:vs_6_0

Begin CompileShader, path:engine/resources/shaders/Object3d.PS.hlsl, profile:ps_6_0

Compile Succeeded, path:engine/resources/shaders/Object3d.PS.hlsl,profile:ps_6_0

Begin CompileShader, path:engine/resources/shaders/Particle.VS.hlsl, profile:vs_6_0

Compile Succeeded, path:engine/resources/shaders/Particle.VS.hlsl,profile:vs_6_0

Begin CompileShader, path:engine/resources/shaders/Particle.PS.hlsl, profile:ps_6_0

Compile Succeeded, path:engine/resources/shaders/Particle.PS.hlsl,profile:ps_6_0

Begin CompileShader, path:engine/resources/shaders/SkyBox.VS.hlsl, profile:vs_6_0

Compile Succeeded, path:engine/resources/shaders/SkyBox.VS.hlsl,profile:vs_6_0

Begin CompileShader, path:engine/resources/shaders/SkyBox.PS.hlsl, profile:ps_6_0

Compile Succeeded, path:engine/resources/shaders/SkyBox.PS.hlsl,profile:ps_6_0

Begin CompileShader, path:engine/resources/shaders/Shape.VS.hlsl, profile:vs_6_0

Compile Succeeded, path:engine/resources/shaders/Shape.VS.hlsl,profile:vs_6_0

Begin CompileShader, path:engine/resources/shaders/Shape.PS.hlsl, profile:ps_6_0

Compile Succeeded, path:engine/resources/shaders/Shape.PS.hlsl,profile:ps_6_0

Begin CompileShader, path:engine/resources/shaders/Shape.VS.hlsl, profile:vs_6_0

Compile Succeeded, path:engine/resources/shaders/Shape.VS.hlsl,profile:vs_6_0

Begin CompileShader, path:engine/resources/shaders/Shape.PS.hlsl, profile:ps_6_0

Compile Succeeded, path:engine/resources/shaders/Shape.PS.hlsl,profile:ps_6_0

Begin CompileShader, path:engine/resources/shaders/SkyBox.VS.hlsl, profile:vs_6_0

Compile Succeeded, path:engine/resources/shaders/SkyBox.VS.hlsl,profile:vs_6_0

Begin CompileShader, path:engine/resources/shaders/SkyBox.PS.hlsl, profile:ps_6_0

Compile Succeeded, path:engine/resources/shaders/SkyBox.PS.hlsl,profile:ps_6_0

Begin CompileShader, path:engine/resources/shaders/Shape.VS.hlsl, profile:vs_6_0

Compile Succeeded, path:engine/resources/shaders/Shape.VS.hlsl,profile:vs_6_0

Begin CompileShader, path:engine/resources/shaders/Shape.PS.hlsl, profile:ps_6_0

Compile Succeeded, path:engine/resources/shaders/Shape.PS.hlsl,profile:ps_6_0

Begin CompileShader, path:engine/resources/shaders/Shape.VS.hlsl, profile:vs_6_0

Compile Succeeded, path:engine/resources/shaders/Shape.VS.hlsl,profile:vs_6_0

Begin CompileShader, path:engine/resources/shaders/Shape.PS.hlsl, profile:ps_6_0

Compile Succeeded, path:engine/resources/shaders/Shape.PS.hlsl,profile:ps_6_0

