  pch.cpp
  ActorData.cpp
  Object2d.cpp
  Object2dCommon.cpp
  Sprite.cpp
  SpriteCommon.cpp
  Text.cpp
  TextRasterizer.cpp
  TextureManager.cpp
  Box.cpp
  Model.cpp
  ModelCommon.cpp
  ModelManager.cpp
  Object3d.cpp
  Object3dCommon.cpp
  Audio.cpp
  AudioManager.cpp
  Blend.cpp
  Context.cpp
  Core.cpp
  D3DResourceLeakChecker.cpp
  コードを生成中...
  コンパイル中...
  DirectXBase.cpp
  FixFPS.cpp
  GraphicsPipeline.cpp
  SRVManager.cpp
  StringUtility.cpp
  WinApi.cpp
  Camera.cpp
  CameraManager.cpp
  DebugCamera.cpp
  GlobalVariables.cpp
  ImGuiManager.cpp
  Log.cpp
  WireframeObject3d.cpp
  WireframeObject3dCommon.cpp
  BaseShape.cpp
  Circle.cpp
  Cube.cpp
  Line.cpp
  Sphere.cpp
  Framework.cpp
  コードを生成中...
  コンパイル中...
  GameSystem.cpp
  ColliderData.cpp
  GameObjectData.cpp
  GameObjectList.cpp
  Input.cpp
  ColliderManager.cpp
  Collision.cpp
  Math.cpp
  Physics.cpp
  Rendering.cpp
  Matrix4x4.cpp
  PhysicsData.cpp
  Quaternion.cpp
  RenderingData.cpp
  Vector2.cpp
  Vector3.cpp
  Vector4.cpp
  ParticleCommon.cpp
  ParticleEmitter.cpp
  ParticleManager.cpp
  コードを生成中...
  コンパイル中...
  ParticleSystem.cpp
  AbstractSceneFactory.cpp
  BaseScene.cpp
  SceneFactory.cpp
  SceneManager.cpp
  WorldTransform.cpp
  GameEngineLib.cpp
  コードを生成中...
\GameEngineLib.cpp(1,1): error C1083: ソース ファイルを開けません。'GameEngineLib.cpp':No such file or directory
  (ソース ファイル '/GameEngineLib.cpp' をコンパイルしています)
  
